// Jest Snapshot v1, https://goo.gl/fbAQLP

exports[`utils bucketsFromTag when tag is malformated throws an error 1`] = `"tag is not valid"`;
